src/lib/ai/modelManager.ts(39,24): error TS2339: Property 'gpu' does not exist on type 'Navigator'.
src/lib/ai/modelManager.ts(43,45): error TS2339: Property 'gpu' does not exist on type 'Navigator'.
